[10:03:51] Total strings: 8325, pending: 2311
[10:03:54] Batch error (TranslationNotFound()) — wait 1.2s retry 1
[10:03:57] Batch error (TranslationNotFound()) — wait 2.4s retry 2
[10:04:00] Batch error (TranslationNotFound()) — wait 4.8s retry 3
[10:04:17] Batch error (TranslationNotFound()) — wait 1.2s retry 1
[10:04:29] Batch error (TranslationNotFound()) — wait 1.2s retry 1
[10:04:52] Batch error (TranslationNotFound()) — wait 1.2s retry 1
[10:04:54] Batch error (TranslationNotFound()) — wait 2.4s retry 2
[10:04:57] Batch error (TranslationNotFound()) — wait 4.8s retry 3
[10:05:02] Batch error (TranslationNotFound()) — wait 9.6s retry 4
[10:05:12] Batch error (TranslationNotFound()) — wait 19.2s retry 5
[10:05:32] Batch error (TranslationNotFound()) — wait 38.4s retry 6
[10:06:12] Batch error (TranslationNotFound()) — wait 76.8s retry 7
[10:07:29] Batch error (TranslationNotFound()) — wait 153.6s retry 8
[10:10:03] Single error (TranslationNotFound()) — wait 1.2s
[10:10:14] Single error (TranslationNotFound()) — wait 1.2s
[10:10:19] Batch error (TranslationNotFound()) — wait 1.2s retry 1
[10:10:23] Batch error (TranslationNotFound()) — wait 2.4s retry 2
[10:10:28] Batch error (TranslationNotFound()) — wait 4.8s retry 3
[10:10:34] Batch error (TranslationNotFound()) — wait 9.6s retry 4
[10:10:46] Batch error (TranslationNotFound()) — wait 19.2s retry 5
[10:11:06] Batch error (TranslationNotFound()) — wait 38.4s retry 6
[10:11:45] Batch error (TranslationNotFound()) — wait 76.8s retry 7
[10:13:19] Batch error (TranslationNotFound()) — wait 1.2s retry 1
[10:13:22] Batch error (TranslationNotFound()) — wait 2.4s retry 2
[10:13:28] Batch error (TranslationNotFound()) — wait 4.8s retry 3
[10:13:33] Batch error (TranslationNotFound()) — wait 9.6s retry 4
[10:13:44] Batch error (TranslationNotFound()) — wait 19.2s retry 5
[10:14:04] Batch error (TranslationNotFound()) — wait 38.4s retry 6
[10:14:38] Total strings: 8325, pending: 2311
[10:14:44] Batch error (TranslationNotFound()) — wait 76.8s retry 7
[10:16:01] Batch error (TranslationNotFound()) — wait 153.6s retry 8
[10:16:41] Progress: 56/2311
[10:18:20] Progress: 104/2311
[10:18:41] Single error (TranslationNotFound()) — wait 1.2s
[10:18:50] Batch error (TranslationNotFound()) — wait 1.2s retry 1
[10:18:58] Batch error (TranslationNotFound()) — wait 2.4s retry 2
[10:19:01] Batch error (TranslationNotFound()) — wait 4.8s retry 3
[10:19:08] Batch error (TranslationNotFound()) — wait 9.6s retry 4
[10:19:20] Batch error (TranslationNotFound()) — wait 19.2s retry 5
[10:19:39] Batch error (TranslationNotFound()) — wait 38.4s retry 6
[10:20:09] Progress: 152/2311
[10:20:20] Batch error (TranslationNotFound()) — wait 76.8s retry 7
[10:21:39] Batch error (TranslationNotFound()) — wait 153.6s retry 8
[10:21:52] Progress: 200/2311
[10:22:07] MyMemoryTranslator batch error (TooManyRequests()) — wait 0.8s
[10:22:10] MyMemoryTranslator batch error (TooManyRequests()) — wait 1.6s
[10:22:15] GoogleTranslator batch error (TranslationNotFound()) — wait 0.8s
[10:22:18] GoogleTranslator batch error (TranslationNotFound()) — wait 1.6s
[10:23:27] Some strings kept in English after errors (TranslationNotFound())
[10:23:29] MyMemoryTranslator batch error (TooManyRequests()) — wait 0.8s
[10:23:35] MyMemoryTranslator batch error (TooManyRequests()) — wait 1.6s
[10:23:47] MyMemoryTranslator batch error (TooManyRequests()) — wait 0.8s
[10:23:49] MyMemoryTranslator batch error (TooManyRequests()) — wait 1.6s
[10:23:52] GoogleTranslator batch error (TranslationNotFound()) — wait 0.8s
[10:23:54] GoogleTranslator batch error (TranslationNotFound()) — wait 1.6s
[10:24:17] Single error (TranslationNotFound()) — wait 1.2s
[10:24:21] Single error (TranslationNotFound()) — wait 1.2s
[10:24:24] Single error (TranslationNotFound()) — wait 1.2s
[10:24:32] Batch error (TranslationNotFound()) — wait 1.2s retry 1
[10:24:34] Batch error (TranslationNotFound()) — wait 2.4s retry 2
[10:24:38] Batch error (TranslationNotFound()) — wait 4.8s retry 3
[10:24:43] Batch error (TranslationNotFound()) — wait 9.6s retry 4
[10:24:56] Some strings kept in English after errors (TooManyRequests())
[10:24:58] MyMemoryTranslator batch error (TooManyRequests()) — wait 0.8s
[10:25:01] Batch error (TranslationNotFound()) — wait 19.2s retry 5
[10:25:01] MyMemoryTranslator batch error (TooManyRequests()) — wait 1.6s
[10:25:04] GoogleTranslator batch error (TranslationNotFound()) — wait 0.8s
[10:25:06] GoogleTranslator batch error (TranslationNotFound()) — wait 1.6s
[10:25:40] Batch error (TranslationNotFound()) — wait 1.2s retry 1
[10:25:46] Batch error (TranslationNotFound()) — wait 2.4s retry 2
[10:25:49] Batch error (TranslationNotFound()) — wait 4.8s retry 3
[10:25:55] Batch error (TranslationNotFound()) — wait 9.6s retry 4
[10:25:59] Some strings kept in English after errors (TranslationNotFound())
[10:26:01] MyMemoryTranslator batch error (TooManyRequests()) — wait 0.8s
[10:26:03] MyMemoryTranslator batch error (TooManyRequests()) — wait 1.6s
[10:26:05] Batch error (TranslationNotFound()) — wait 19.2s retry 5
[10:26:06] GoogleTranslator batch error (TranslationNotFound()) — wait 0.8s
[10:26:07] GoogleTranslator batch error (TranslationNotFound()) — wait 1.6s
[10:26:25] Batch error (TranslationNotFound()) — wait 38.4s retry 6
[10:27:04] Batch error (TranslationNotFound()) — wait 76.8s retry 7
[10:27:15] Some strings kept in English after errors (TooManyRequests())
[10:27:18] MyMemoryTranslator batch error (TooManyRequests()) — wait 0.8s
[10:27:20] MyMemoryTranslator batch error (TooManyRequests()) — wait 1.6s
[10:27:28] GoogleTranslator batch error (TranslationNotFound()) — wait 0.8s
[10:27:35] MyMemoryTranslator batch error (TooManyRequests()) — wait 0.8s
[10:27:37] MyMemoryTranslator batch error (TooManyRequests()) — wait 1.6s
[10:27:40] GoogleTranslator batch error (TranslationNotFound()) — wait 0.8s
[10:27:48] Progress: 256/2311
[10:27:52] MyMemoryTranslator batch error (TooManyRequests()) — wait 0.8s
[10:27:54] MyMemoryTranslator batch error (TooManyRequests()) — wait 1.6s
[10:28:05] MyMemoryTranslator batch error (TooManyRequests()) — wait 0.8s
[10:28:08] MyMemoryTranslator batch error (TooManyRequests()) — wait 1.6s
[10:28:10] GoogleTranslator batch error (TranslationNotFound()) — wait 0.8s
[10:28:17] GoogleTranslator batch error (TranslationNotFound()) — wait 1.6s
[10:28:26] Batch error (TranslationNotFound()) — wait 153.6s retry 8
[10:29:26] Some strings kept in English after errors (TooManyRequests())
[10:29:29] MyMemoryTranslator batch error (TooManyRequests()) — wait 0.8s
[10:29:31] MyMemoryTranslator batch error (TooManyRequests()) — wait 1.6s
[10:29:43] MyMemoryTranslator batch error (TooManyRequests()) — wait 0.8s
[10:29:46] MyMemoryTranslator batch error (TooManyRequests()) — wait 1.6s
[10:29:49] GoogleTranslator batch error (TranslationNotFound()) — wait 0.8s
[10:29:55] GoogleTranslator batch error (TranslationNotFound()) — wait 1.6s
[10:30:57] Some strings kept in English after errors (TooManyRequests())
[10:30:59] MyMemoryTranslator batch error (TooManyRequests()) — wait 0.8s
[10:31:00] Single error (TranslationNotFound()) — wait 1.2s
[10:31:01] MyMemoryTranslator batch error (TooManyRequests()) — wait 1.6s
[10:31:02] Single error (TranslationNotFound()) — wait 2.4s
[10:31:04] GoogleTranslator batch error (TranslationNotFound()) — wait 0.8s
[10:31:05] GoogleTranslator batch error (TranslationNotFound()) — wait 1.6s
[10:31:06] Single error (TranslationNotFound()) — wait 1.2s
[10:31:09] Single error (TranslationNotFound()) — wait 1.2s
[10:31:11] Single error (TranslationNotFound()) — wait 2.4s
[10:31:14] Single error (TranslationNotFound()) — wait 4.8s
[10:31:21] Single error (TranslationNotFound()) — wait 1.2s
[10:31:22] Single error (TranslationNotFound()) — wait 2.4s
[10:31:25] Single error (TranslationNotFound()) — wait 4.8s
[10:31:31] Single error (TranslationNotFound()) — wait 1.2s
[10:31:33] Single error (TranslationNotFound()) — wait 2.4s
[10:31:37] Single error (TranslationNotFound()) — wait 1.2s
[10:31:40] Progress: 100/2311
[10:32:11] Some strings kept in English after errors (TooManyRequests())
[10:32:11] Batch error (TranslationNotFound()) — wait 1.2s retry 1
[10:32:14] MyMemoryTranslator batch error (TooManyRequests()) — wait 0.8s
[10:32:15] Batch error (TranslationNotFound()) — wait 2.4s retry 2
[10:32:19] Batch error (TranslationNotFound()) — wait 4.8s retry 3
[10:32:20] MyMemoryTranslator batch error (TooManyRequests()) — wait 1.6s
[10:32:22] GoogleTranslator batch error (TranslationNotFound()) — wait 0.8s
[10:32:28] Progress: 304/2311
[10:32:30] MyMemoryTranslator batch error (TooManyRequests()) — wait 0.8s
[10:32:30] Batch error (TranslationNotFound()) — wait 9.6s retry 4
[10:32:34] MyMemoryTranslator batch error (TooManyRequests()) — wait 1.6s
[10:32:41] Batch error (TranslationNotFound()) — wait 19.2s retry 5
[10:32:46] MyMemoryTranslator batch error (TooManyRequests()) — wait 0.8s
[10:32:49] MyMemoryTranslator batch error (TooManyRequests()) — wait 1.6s
[10:32:55] GoogleTranslator batch error (TranslationNotFound()) — wait 0.8s
[10:32:56] GoogleTranslator batch error (TranslationNotFound()) — wait 1.6s
[10:33:00] Batch error (TranslationNotFound()) — wait 38.4s retry 6
[10:33:58] Batch error (TranslationNotFound()) — wait 1.2s retry 1
[10:34:01] Batch error (TranslationNotFound()) — wait 2.4s retry 2
[10:34:03] Some strings kept in English after errors (TranslationNotFound())
[10:34:04] Batch error (TranslationNotFound()) — wait 4.8s retry 3
[10:34:06] MyMemoryTranslator batch error (TooManyRequests()) — wait 0.8s
[10:34:11] MyMemoryTranslator batch error (TooManyRequests()) — wait 1.6s
[10:34:13] GoogleTranslator batch error (TranslationNotFound()) — wait 0.8s
[10:34:13] Batch error (TranslationNotFound()) — wait 9.6s retry 4
[10:34:15] GoogleTranslator batch error (TranslationNotFound()) — wait 1.6s
[10:34:26] Batch error (TranslationNotFound()) — wait 19.2s retry 5
[10:34:46] Batch error (TranslationNotFound()) — wait 38.4s retry 6
[10:35:17] Some strings kept in English after errors (TooManyRequests())
[10:35:20] MyMemoryTranslator batch error (TooManyRequests()) — wait 0.8s
[10:35:22] MyMemoryTranslator batch error (TooManyRequests()) — wait 1.6s
[10:35:28] GoogleTranslator batch error (TranslationNotFound()) — wait 0.8s
[10:35:28] Batch error (TranslationNotFound()) — wait 76.8s retry 7
[10:35:30] GoogleTranslator batch error (TranslationNotFound()) — wait 1.6s
[10:36:27] Some strings kept in English after errors (TooManyRequests())
[10:36:30] MyMemoryTranslator batch error (TooManyRequests()) — wait 0.8s
[10:36:33] MyMemoryTranslator batch error (TooManyRequests()) — wait 1.6s
[10:36:38] GoogleTranslator batch error (TranslationNotFound()) — wait 0.8s
[10:36:40] GoogleTranslator batch error (TranslationNotFound()) — wait 1.6s
[10:36:46] Batch error (TranslationNotFound()) — wait 153.6s retry 8
[10:37:44] Some strings kept in English after errors (TooManyRequests())
[10:37:47] MyMemoryTranslator batch error (TooManyRequests()) — wait 0.8s
[10:37:49] MyMemoryTranslator batch error (TooManyRequests()) — wait 1.6s
[10:37:52] GoogleTranslator batch error (TranslationNotFound()) — wait 0.8s
[10:38:00] GoogleTranslator batch error (TranslationNotFound()) — wait 1.6s
[10:39:03] Some strings kept in English after errors (TranslationNotFound())
[10:39:03] Progress: 352/2311
[10:39:06] MyMemoryTranslator batch error (TooManyRequests()) — wait 0.8s
[10:39:08] MyMemoryTranslator batch error (TooManyRequests()) — wait 1.6s
[10:39:14] GoogleTranslator batch error (TranslationNotFound()) — wait 0.8s
[10:39:17] GoogleTranslator batch error (TranslationNotFound()) — wait 1.6s
[10:39:20] Single error (TranslationNotFound()) — wait 1.2s
[10:39:34] Batch error (TranslationNotFound()) — wait 1.2s retry 1
[10:39:56] Batch error (TranslationNotFound()) — wait 1.2s retry 1
[10:40:00] Batch error (TranslationNotFound()) — wait 2.4s retry 2
[10:40:05] Batch error (TranslationNotFound()) — wait 4.8s retry 3
[10:40:14] Batch error (TranslationNotFound()) — wait 9.6s retry 4
[10:40:20] Some strings kept in English after errors (TooManyRequests())
[10:40:24] MyMemoryTranslator batch error (TooManyRequests()) — wait 0.8s
[10:40:25] Batch error (TranslationNotFound()) — wait 19.2s retry 5
[10:40:26] MyMemoryTranslator batch error (TooManyRequests()) — wait 1.6s
[10:40:32] GoogleTranslator batch error (TranslationNotFound()) — wait 0.8s
[10:40:41] MyMemoryTranslator batch error (TooManyRequests()) — wait 0.8s
[10:40:44] MyMemoryTranslator batch error (TooManyRequests()) — wait 1.6s
[10:40:56] MyMemoryTranslator batch error (TooManyRequests()) — wait 0.8s
[10:40:59] Batch error (TranslationNotFound()) — wait 1.2s retry 1
[10:40:59] MyMemoryTranslator batch error (TooManyRequests()) — wait 1.6s
[10:41:01] GoogleTranslator batch error (TranslationNotFound()) — wait 0.8s
[10:41:03] Batch error (TranslationNotFound()) — wait 2.4s retry 2
[10:41:05] GoogleTranslator batch error (TranslationNotFound()) — wait 1.6s
[10:41:12] Progress: 200/2311
[10:41:14] Batch error (TranslationNotFound()) — wait 1.2s retry 1
[10:41:17] Batch error (TranslationNotFound()) — wait 2.4s retry 2
[10:41:20] Batch error (TranslationNotFound()) — wait 4.8s retry 3
[10:41:44] Batch error (TranslationNotFound()) — wait 1.2s retry 1
[10:41:48] Batch error (TranslationNotFound()) — wait 2.4s retry 2
[10:41:52] Batch error (TranslationNotFound()) — wait 4.8s retry 3
[10:42:05] Batch error (TranslationNotFound()) — wait 1.2s retry 1
[10:42:08] Some strings kept in English after errors (TooManyRequests())
[10:42:09] Batch error (TranslationNotFound()) — wait 2.4s retry 2
[10:42:10] MyMemoryTranslator batch error (TooManyRequests()) — wait 0.8s
[10:42:13] Batch error (TranslationNotFound()) — wait 4.8s retry 3
[10:42:14] MyMemoryTranslator batch error (TooManyRequests()) — wait 1.6s
[10:42:20] GoogleTranslator batch error (TranslationNotFound()) — wait 0.8s
[10:42:21] Batch error (TranslationNotFound()) — wait 9.6s retry 4
[10:42:29] MyMemoryTranslator batch error (TooManyRequests()) — wait 0.8s
[10:42:31] MyMemoryTranslator batch error (TooManyRequests()) — wait 1.6s
[10:42:40] Progress: 400/2311
[10:42:45] MyMemoryTranslator batch error (TooManyRequests()) — wait 0.8s
[10:42:47] Batch error (TranslationNotFound()) — wait 1.2s retry 1
[10:42:48] MyMemoryTranslator batch error (TooManyRequests()) — wait 1.6s
[10:42:50] GoogleTranslator batch error (TranslationNotFound()) — wait 0.8s
[10:42:50] Batch error (TranslationNotFound()) — wait 2.4s retry 2
[10:43:02] MyMemoryTranslator batch error (TooManyRequests()) — wait 0.8s
[10:43:03] Batch error (TranslationNotFound()) — wait 1.2s retry 1
[10:43:06] MyMemoryTranslator batch error (TooManyRequests()) — wait 1.6s
[10:43:14] Batch error (TranslationNotFound()) — wait 1.2s retry 1
[10:43:15] MyMemoryTranslator batch error (TooManyRequests()) — wait 0.8s
[10:43:18] MyMemoryTranslator batch error (TooManyRequests()) — wait 1.6s
[10:43:18] Batch error (TranslationNotFound()) — wait 2.4s retry 2
[10:43:20] GoogleTranslator batch error (TranslationNotFound()) — wait 0.8s
[10:43:32] MyMemoryTranslator batch error (TooManyRequests()) — wait 0.8s
[10:43:35] MyMemoryTranslator batch error (TooManyRequests()) — wait 1.6s
[10:43:48] MyMemoryTranslator batch error (TooManyRequests()) — wait 0.8s
[10:43:49] Progress: 300/2311
[10:43:51] MyMemoryTranslator batch error (TooManyRequests()) — wait 1.6s
[10:43:59] GoogleTranslator batch error (TranslationNotFound()) — wait 0.8s
[10:44:05] Batch error (TranslationNotFound()) — wait 1.2s retry 1
[10:44:11] MyMemoryTranslator batch error (TooManyRequests()) — wait 0.8s
[10:44:12] Batch error (TranslationNotFound()) — wait 2.4s retry 2
[10:44:14] MyMemoryTranslator batch error (TooManyRequests()) — wait 1.6s
[10:44:20] GoogleTranslator batch error (TranslationNotFound()) — wait 0.8s
[10:44:29] Batch error (TranslationNotFound()) — wait 1.2s retry 1
[10:44:31] Batch error (TranslationNotFound()) — wait 2.4s retry 2
[10:44:31] MyMemoryTranslator batch error (TooManyRequests()) — wait 0.8s
[10:44:35] MyMemoryTranslator batch error (TooManyRequests()) — wait 1.6s
[10:44:39] Batch error (TranslationNotFound()) — wait 4.8s retry 3
[10:44:43] GoogleTranslator batch error (TranslationNotFound()) — wait 0.8s
[10:44:44] GoogleTranslator batch error (TranslationNotFound()) — wait 1.6s
[10:44:49] Batch error (TranslationNotFound()) — wait 9.6s retry 4
[10:45:19] Batch error (TranslationNotFound()) — wait 1.2s retry 1
[10:45:21] Batch error (TranslationNotFound()) — wait 2.4s retry 2
[10:45:24] Batch error (TranslationNotFound()) — wait 4.8s retry 3
[10:45:30] Batch error (TranslationNotFound()) — wait 9.6s retry 4
[10:45:44] Batch error (TranslationNotFound()) — wait 19.2s retry 5
[10:45:47] Some strings kept in English after errors (TooManyRequests())
[10:45:47] Progress: 456/2311
[10:45:50] MyMemoryTranslator batch error (TooManyRequests()) — wait 0.8s
[10:45:52] MyMemoryTranslator batch error (TooManyRequests()) — wait 1.6s
[10:45:55] GoogleTranslator batch error (TranslationNotFound()) — wait 0.8s
[10:45:56] GoogleTranslator batch error (TranslationNotFound()) — wait 1.6s
[10:46:21] Batch error (TranslationNotFound()) — wait 1.2s retry 1
[10:46:37] Batch error (TranslationNotFound()) — wait 1.2s retry 1
[10:46:39] Batch error (TranslationNotFound()) — wait 2.4s retry 2
[10:46:48] Batch error (TranslationNotFound()) — wait 4.8s retry 3
[10:47:04] Some strings kept in English after errors (TranslationNotFound())
[10:47:07] MyMemoryTranslator batch error (TooManyRequests()) — wait 0.8s
[10:47:10] MyMemoryTranslator batch error (TooManyRequests()) — wait 1.6s
[10:47:11] Batch error (TranslationNotFound()) — wait 1.2s retry 1
[10:47:12] GoogleTranslator batch error (TranslationNotFound()) — wait 0.8s
[10:47:16] GoogleTranslator batch error (TranslationNotFound()) — wait 1.6s
[10:47:17] Batch error (TranslationNotFound()) — wait 2.4s retry 2
[10:47:21] Batch error (TranslationNotFound()) — wait 4.8s retry 3
[10:47:32] Progress: 400/2311
[10:48:15] Batch error (TranslationNotFound()) — wait 1.2s retry 1
[10:48:19] Batch error (TranslationNotFound()) — wait 2.4s retry 2
[10:48:22] Batch error (TranslationNotFound()) — wait 4.8s retry 3
[10:48:22] Some strings kept in English after errors (TooManyRequests())
[10:48:25] MyMemoryTranslator batch error (TooManyRequests()) — wait 0.8s
[10:48:27] Batch error (TranslationNotFound()) — wait 9.6s retry 4
[10:48:28] MyMemoryTranslator batch error (TooManyRequests()) — wait 1.6s
[10:48:30] GoogleTranslator batch error (TranslationNotFound()) — wait 0.8s
[10:48:32] GoogleTranslator batch error (TranslationNotFound()) — wait 1.6s
[10:48:37] Batch error (TranslationNotFound()) — wait 19.2s retry 5
[10:49:05] Batch error (TranslationNotFound()) — wait 1.2s retry 1
[10:49:31] Some strings kept in English after errors (TooManyRequests())
[10:49:34] MyMemoryTranslator batch error (TooManyRequests()) — wait 0.8s
[10:49:37] MyMemoryTranslator batch error (TooManyRequests()) — wait 1.6s
[10:49:47] MyMemoryTranslator batch error (TooManyRequests()) — wait 0.8s
[10:49:49] MyMemoryTranslator batch error (TooManyRequests()) — wait 1.6s
[10:49:55] Progress: 500/2311
[10:49:56] Batch error (TranslationNotFound()) — wait 1.2s retry 1
[10:49:59] Batch error (TranslationNotFound()) — wait 2.4s retry 2
[10:50:00] MyMemoryTranslator batch error (TooManyRequests()) — wait 0.8s
[10:50:02] Batch error (TranslationNotFound()) — wait 4.8s retry 3
[10:50:02] MyMemoryTranslator batch error (TooManyRequests()) — wait 1.6s
[10:50:06] GoogleTranslator batch error (TranslationNotFound()) — wait 0.8s
[10:50:08] Batch error (TranslationNotFound()) — wait 9.6s retry 4
[10:50:12] Progress: 504/2311
[10:50:15] MyMemoryTranslator batch error (TooManyRequests()) — wait 0.8s
[10:50:17] MyMemoryTranslator batch error (TooManyRequests()) — wait 1.6s
[10:50:22] GoogleTranslator batch error (TranslationNotFound()) — wait 0.8s
[10:50:24] Batch error (TranslationNotFound()) — wait 19.2s retry 5
[10:50:25] GoogleTranslator batch error (TranslationNotFound()) — wait 1.6s
